// Jest Snapshot v1, https://goo.gl/fbAQLP

exports[`<PlayerComponent /> Component renders correctly 1`] = `
<Provider
  store={
    Object {
      "clearActions": [Function],
      "dispatch": [Function],
      "getActions": [Function],
      "getState": [Function],
      "replaceReducer": [Function],
      "subscribe": [Function],
    }
  }
>
  <Connect(Players)
    color="white"
    name="seba"
  >
    <Players
      changeTurn={[Function]}
      color="white"
      currentPlayer="white"
      name="seba"
    >
      <div
        className="wrapperPlayers"
      >
        <h2>
          seba
        </h2>
        <div
          className="circlewhite"
        />
        <h3>
          Total Disks
        </h3>
        <div />
        <h3
          className="light"
        >
           Your turn 
        </h3>
        <button
          onClick={[Function]}
          type="button"
        >
          Skip
        </button>
      </div>
    </Players>
  </Connect(Players)>
</Provider>
`;
