// Jest Snapshot v1, https://goo.gl/fbAQLP

exports[`<Player /> Component <Player /> Component  +++ capturing snapshot of player +++ 1`] = `
<div
  className="wrapperPlayers"
>
  <h2>
    Seba
  </h2>
  <div
    className="circlewhite"
  />
  <h3>
    Total Disks
  </h3>
  <div>
    10
  </div>
  <h3
    className="light"
  >
     Your turn 
  </h3>
  <button
    onClick={[Function]}
    type="button"
  >
    Skip
  </button>
</div>
`;
