// Jest Snapshot v1, https://goo.gl/fbAQLP

exports[`<StartScreen /> Container  +++ capturing snapshot of home 1`] = `
<StartScreen
  setColorPlayers={[Function]}
  setNamePlayers={[Function]}
  store={
    Object {
      "clearActions": [Function],
      "dispatch": [Function],
      "getActions": [Function],
      "getState": [Function],
      "replaceReducer": [Function],
      "subscribe": [Function],
    }
  }
/>
`;
